interactions:
- request:
    body: '{}'
    headers:
      Accept:
      - '*/*'
      Accept-Encoding:
      - gzip, deflate
      Authorization:
      - Bearer huWytmPWrDK4s2AaJwE33EOfs8GanXR0EDCHItU-
      Connection:
      - keep-alive
      Content-Length:
      - '2'
      Content-Type:
      - application/json
      User-Agent:
      - python-requests/2.32.3
    method: GET
    uri: https://api.cloudflare.com/client/v4/zones?page=1&per_page=100
  response:
    body:
      string: '{"result":[{"id":"457dd20dded351b97830cb528f507819","name":"byemike.org","status":"active","paused":false,"type":"full","development_mode":0,"name_servers":["blakely.ns.cloudflare.com","vin.ns.cloudflare.com"],"original_name_servers":null,"original_registrar":null,"original_dnshost":null,"modified_on":"2025-06-27T16:15:05.621864Z","created_on":"2025-06-27T16:15:01.206882Z","activated_on":"2025-06-27T16:15:05.465417Z","vanity_name_servers":[],"vanity_name_servers_ips":null,"meta":{"step":4,"custom_certificate_quota":0,"page_rule_quota":3,"phishing_detected":false},"owner":{"id":null,"type":"user","email":null},"account":{"id":"8d76151cc3a22bf025f36489c7a0be23","name":"M4gc52kndg@privaterelay.appleid.com''s
        Account"},"tenant":{"id":null,"name":null},"tenant_unit":{"id":null},"permissions":["#dns_records:edit","#dns_records:read","#zone:read"],"plan":{"id":"0feeeeeeeeeeeeeeeeeeeeeeeeeeeeee","name":"Free
        Website","price":0,"currency":"USD","frequency":"","is_subscribed":false,"can_subscribe":false,"legacy_id":"free","legacy_discount":false,"externally_managed":false}},{"id":"64789f348d16a1ac1c1fd5cd8028476c","name":"mikeleave.com","status":"active","paused":false,"type":"full","development_mode":0,"name_servers":["blakely.ns.cloudflare.com","vin.ns.cloudflare.com"],"original_name_servers":null,"original_registrar":null,"original_dnshost":null,"modified_on":"2025-06-27T16:08:29.911954Z","created_on":"2025-06-27T16:08:25.436586Z","activated_on":"2025-06-27T16:08:29.784391Z","vanity_name_servers":[],"vanity_name_servers_ips":null,"meta":{"step":4,"custom_certificate_quota":0,"page_rule_quota":3,"phishing_detected":false},"owner":{"id":null,"type":"user","email":null},"account":{"id":"8d76151cc3a22bf025f36489c7a0be23","name":"M4gc52kndg@privaterelay.appleid.com''s
        Account"},"tenant":{"id":null,"name":null},"tenant_unit":{"id":null},"permissions":["#dns_records:edit","#dns_records:read","#zone:read"],"plan":{"id":"0feeeeeeeeeeeeeeeeeeeeeeeeeeeeee","name":"Free
        Website","price":0,"currency":"USD","frequency":"","is_subscribed":false,"can_subscribe":false,"legacy_id":"free","legacy_discount":false,"externally_managed":false}},{"id":"542399cd507f4535eb47a9c3392fa199","name":"mikeleave.org","status":"active","paused":false,"type":"full","development_mode":0,"name_servers":["blakely.ns.cloudflare.com","vin.ns.cloudflare.com"],"original_name_servers":null,"original_registrar":null,"original_dnshost":null,"modified_on":"2025-06-27T16:05:24.272460Z","created_on":"2025-06-27T16:05:19.428666Z","activated_on":"2025-06-27T16:05:24.138722Z","vanity_name_servers":[],"vanity_name_servers_ips":null,"meta":{"step":4,"custom_certificate_quota":0,"page_rule_quota":3,"phishing_detected":false},"owner":{"id":null,"type":"user","email":null},"account":{"id":"8d76151cc3a22bf025f36489c7a0be23","name":"M4gc52kndg@privaterelay.appleid.com''s
        Account"},"tenant":{"id":null,"name":null},"tenant_unit":{"id":null},"permissions":["#dns_records:edit","#dns_records:read","#zone:read"],"plan":{"id":"0feeeeeeeeeeeeeeeeeeeeeeeeeeeeee","name":"Free
        Website","price":0,"currency":"USD","frequency":"","is_subscribed":false,"can_subscribe":false,"legacy_id":"free","legacy_discount":false,"externally_managed":false}}],"result_info":{"page":1,"per_page":100,"total_pages":1,"count":3,"total_count":3},"success":true,"errors":[],"messages":[]}'
    headers:
      CF-Cache-Status:
      - DYNAMIC
      CF-Ray:
      - 975e5c66583f5341-DEN
      Cache-Control:
      - no-store, no-cache, must-revalidate, post-check=0, pre-check=0
      Connection:
      - keep-alive
      Content-Type:
      - application/json
      Date:
      - Wed, 27 Aug 2025 20:36:24 GMT
      Expires:
      - Sun, 25 Jan 1981 05:00:00 GMT
      Pragma:
      - no-cache
      Server:
      - cloudflare
      Set-Cookie:
      - __cflb=0H28vgHxwvgAQtjUGUFqYFDiSDreGJnV3Lbki3NY53T; SameSite=Lax; path=/;
        expires=Wed, 27-Aug-25 23:06:25 GMT; HttpOnly
      - __cf_bm=4xuA0rpIpkyZYagRR1WPtHjHDP1lX0d.b87Rp_Y9pVk-1756326984-1.0.1.1-ZtrV1sakE0kxStkdFiV6rQhMsElnYLUCF9LwwmqgRGAVsE0e5eEowf474fhweIBlk6zpUXF7QOAE9KpfknKdT9eoBLWqCdaim35J8ToVQ9o;
        path=/; expires=Wed, 27-Aug-25 21:06:24 GMT; domain=.api.cloudflare.com; HttpOnly;
        Secure; SameSite=None
      - _cfuvid=LdjYZwiJMAxmIItfugeeidK9bMQEaCUa7nnRDFEjrWQ-1756326984816-0.0.1.1-604800000;
        path=/; domain=.api.cloudflare.com; HttpOnly; Secure; SameSite=None
      Strict-Transport-Security:
      - max-age=31536000
      Transfer-Encoding:
      - chunked
      Vary:
      - accept-encoding
      X-Content-Type-Options:
      - nosniff
      X-Frame-Options:
      - SAMEORIGIN
      api-version:
      - '2025-08-27'
      cf-auditlog-id:
      - 0198ed3e-fc0f-7028-a495-74e1c6a1846f
      content-length:
      - '3346'
    status:
      code: 200
      message: OK
- request:
    body: '{"type": "TXT", "name": "delete.testid.byemike.org", "content": "challengetoken",
      "data": null, "ttl": 3600}'
    headers:
      Accept:
      - '*/*'
      Accept-Encoding:
      - gzip, deflate
      Authorization:
      - Bearer huWytmPWrDK4s2AaJwE33EOfs8GanXR0EDCHItU-
      Connection:
      - keep-alive
      Content-Length:
      - '108'
      Content-Type:
      - application/json
      User-Agent:
      - python-requests/2.32.3
    method: POST
    uri: https://api.cloudflare.com/client/v4/zones/457dd20dded351b97830cb528f507819/dns_records
  response:
    body:
      string: '{"result":{"id":"a6a6a43291417c5a659aac665c3409a3","name":"delete.testid.byemike.org","type":"TXT","content":"challengetoken","proxiable":false,"proxied":false,"ttl":3600,"settings":{},"meta":{},"comment":null,"tags":[],"created_on":"2025-08-27T20:36:24.9667Z","modified_on":"2025-08-27T20:36:24.9667Z"},"success":true,"errors":[],"messages":[]}'
    headers:
      CF-Cache-Status:
      - DYNAMIC
      CF-Ray:
      - 975e5c676a10c64b-SLC
      Connection:
      - keep-alive
      Content-Type:
      - application/json
      Date:
      - Wed, 27 Aug 2025 20:36:25 GMT
      Server:
      - cloudflare
      Set-Cookie:
      - __cflb=0H28vgHxwvgAQtjUGUFqYFDiSDreGJnV3Lbki3NY53T; SameSite=Lax; path=/;
        expires=Wed, 27-Aug-25 23:06:26 GMT; HttpOnly
      - __cf_bm=jYYJ2IaRNP39W8S7yH5qvJQfaOjhxuSN290fLETAZNk-1756326985-1.0.1.1-tf5aqWlUeGuZnZDqLC5EY95jzTo0eFfYFCXiOSVZGAb3ynX2lSNv7tbVgbTSI4be99OdlfylGVDOCScc64Xawyl2EHEfPHYsnjBugMn1V2E;
        path=/; expires=Wed, 27-Aug-25 21:06:25 GMT; domain=.api.cloudflare.com; HttpOnly;
        Secure; SameSite=None
      - _cfuvid=ahiGv5ix2otw0bFY700QNyM4lW0UnV.Aqww77xPyI9Y-1756326985045-0.0.1.1-604800000;
        path=/; domain=.api.cloudflare.com; HttpOnly; Secure; SameSite=None
      Transfer-Encoding:
      - chunked
      Vary:
      - Accept-Encoding
      api-version:
      - '2025-08-27'
      cf-auditlog-id:
      - 0198ed3e-fcb9-720d-b7cd-4f072bb06222
      content-length:
      - '345'
    status:
      code: 200
      message: OK
- request:
    body: '{}'
    headers:
      Accept:
      - '*/*'
      Accept-Encoding:
      - gzip, deflate
      Authorization:
      - Bearer huWytmPWrDK4s2AaJwE33EOfs8GanXR0EDCHItU-
      Connection:
      - keep-alive
      Content-Length:
      - '2'
      Content-Type:
      - application/json
      User-Agent:
      - python-requests/2.32.3
    method: GET
    uri: https://api.cloudflare.com/client/v4/zones/457dd20dded351b97830cb528f507819/dns_records?per_page=100&type=TXT&name=delete.testid.byemike.org
  response:
    body:
      string: '{"result":[{"id":"a6a6a43291417c5a659aac665c3409a3","name":"delete.testid.byemike.org","type":"TXT","content":"challengetoken","proxiable":false,"proxied":false,"ttl":3600,"settings":{},"meta":{},"comment":null,"tags":[],"created_on":"2025-08-27T20:36:24.9667Z","modified_on":"2025-08-27T20:36:24.9667Z"}],"success":true,"errors":[],"messages":[],"result_info":{"page":1,"per_page":100,"count":1,"total_count":1,"total_pages":1}}'
    headers:
      CF-Cache-Status:
      - DYNAMIC
      CF-Ray:
      - 975e5c68af89b859-SLC
      Connection:
      - keep-alive
      Content-Type:
      - application/json
      Date:
      - Wed, 27 Aug 2025 20:36:25 GMT
      Server:
      - cloudflare
      Set-Cookie:
      - __cflb=0H28vgHxwvgAQtjUGUFqYFDiSDreGJnV3WJRirC2gJy; SameSite=Lax; path=/;
        expires=Wed, 27-Aug-25 23:06:26 GMT; HttpOnly
      - __cf_bm=t9plE9EXoQv.JGZi.3exDyXccvFfhgyaZLv0N52Vt.8-1756326985-1.0.1.1-pq6E5GEUNaOqI5p99mhg4tGHkOMTWdVvS27g_FFShqU2yXMVk5PzvsS1CQaH1XVR_ndsS_gz_x3LCLnvwP5EoZneN2DKwFsv1Jt9eVFeqEA;
        path=/; expires=Wed, 27-Aug-25 21:06:25 GMT; domain=.api.cloudflare.com; HttpOnly;
        Secure; SameSite=None
      - _cfuvid=P5Ir2JM2mHsqjwPh1P9rYuQpL9Z4yf2b6FkKwzdaGFM-1756326985228-0.0.1.1-604800000;
        path=/; domain=.api.cloudflare.com; HttpOnly; Secure; SameSite=None
      Transfer-Encoding:
      - chunked
      Vary:
      - Accept-Encoding
      api-version:
      - '2025-08-27'
      cf-auditlog-id:
      - 0198ed3e-fd82-7680-8c76-7f5046fda3ad
      content-length:
      - '429'
    status:
      code: 200
      message: OK
- request:
    body: '{}'
    headers:
      Accept:
      - '*/*'
      Accept-Encoding:
      - gzip, deflate
      Authorization:
      - Bearer huWytmPWrDK4s2AaJwE33EOfs8GanXR0EDCHItU-
      Connection:
      - keep-alive
      Content-Length:
      - '2'
      Content-Type:
      - application/json
      User-Agent:
      - python-requests/2.32.3
    method: DELETE
    uri: https://api.cloudflare.com/client/v4/zones/457dd20dded351b97830cb528f507819/dns_records/a6a6a43291417c5a659aac665c3409a3
  response:
    body:
      string: '{"result":{"id":"a6a6a43291417c5a659aac665c3409a3"},"success":true,"errors":[],"messages":[]}'
    headers:
      CF-Cache-Status:
      - DYNAMIC
      CF-Ray:
      - 975e5c69c80d5305-SLC
      Connection:
      - keep-alive
      Content-Type:
      - application/json
      Date:
      - Wed, 27 Aug 2025 20:36:25 GMT
      Server:
      - cloudflare
      Set-Cookie:
      - __cflb=0H28vgHxwvgAQtjUGUFqYFDiSDreGJnV3WJRirC2gJy; SameSite=Lax; path=/;
        expires=Wed, 27-Aug-25 23:06:26 GMT; HttpOnly
      - __cf_bm=CpEyoq_zVKq2Epc0Kri81zGyqB84xYtJL_htMOO7hy8-1756326985-1.0.1.1-mlENjgTlQQhQPcIJ61D7oHCRbdnRTG0oq62Izy_H1RMZozYDPwEy.OLIuBlSjr5Z63WBYJxkd0WgkNOXP6qjylNiLAXbJZcADGMXpXfmEWQ;
        path=/; expires=Wed, 27-Aug-25 21:06:25 GMT; domain=.api.cloudflare.com; HttpOnly;
        Secure; SameSite=None
      - _cfuvid=sWdR2KCr3YUrWm20mdBSS8EUfdA2gPetdQvJmqIAmWU-1756326985438-0.0.1.1-604800000;
        path=/; domain=.api.cloudflare.com; HttpOnly; Secure; SameSite=None
      Transfer-Encoding:
      - chunked
      Vary:
      - Accept-Encoding
      api-version:
      - '2025-08-27'
      cf-auditlog-id:
      - 0198ed3e-fe45-794e-ae52-619de597e8be
      content-length:
      - '93'
    status:
      code: 200
      message: OK
- request:
    body: '{}'
    headers:
      Accept:
      - '*/*'
      Accept-Encoding:
      - gzip, deflate
      Authorization:
      - Bearer huWytmPWrDK4s2AaJwE33EOfs8GanXR0EDCHItU-
      Connection:
      - keep-alive
      Content-Length:
      - '2'
      Content-Type:
      - application/json
      User-Agent:
      - python-requests/2.32.3
    method: GET
    uri: https://api.cloudflare.com/client/v4/zones/457dd20dded351b97830cb528f507819/dns_records?per_page=100&type=TXT&name=delete.testid.byemike.org
  response:
    body:
      string: '{"result":[],"success":true,"errors":[],"messages":[],"result_info":{"page":1,"per_page":100,"count":0,"total_count":0,"total_pages":1}}'
    headers:
      CF-Cache-Status:
      - DYNAMIC
      CF-Ray:
      - 975e5c6b1d268656-SLC
      Connection:
      - keep-alive
      Content-Type:
      - application/json
      Date:
      - Wed, 27 Aug 2025 20:36:25 GMT
      Server:
      - cloudflare
      Set-Cookie:
      - __cflb=0H28vgHxwvgAQtjUGUFqYFDiSDreGJnV3WJRirC2gJy; SameSite=Lax; path=/;
        expires=Wed, 27-Aug-25 23:06:26 GMT; HttpOnly
      - __cf_bm=052TYbl8geOXTbp1k7C_1aIZUa6qeoBQ8E8igYU7i2k-1756326985-1.0.1.1-.MnXbuD4SNO.oWMBDpYEL.biYTbcTetj2gm6P_mg92x7FO9l2ch0yMOhW_kCiGYqxH1ggGJdoYpcvRtOGcMqMUxuDIytCWaXDY5.N6vscy8;
        path=/; expires=Wed, 27-Aug-25 21:06:25 GMT; domain=.api.cloudflare.com; HttpOnly;
        Secure; SameSite=None
      - _cfuvid=YVpJo1pTIKpsp1_LQX1NQgKwYR9mhHJtYE.V4i2YHxs-1756326985588-0.0.1.1-604800000;
        path=/; domain=.api.cloudflare.com; HttpOnly; Secure; SameSite=None
      Transfer-Encoding:
      - chunked
      Vary:
      - Accept-Encoding
      api-version:
      - '2025-08-27'
      cf-auditlog-id:
      - 0198ed3e-ff0e-74aa-a922-ea0f2c636627
      content-length:
      - '136'
    status:
      code: 200
      message: OK
version: 1
